
haech@Paco MINGW32 /
$ mkdir project

haech@Paco MINGW32 /
$ ls
bin/  etc/           LICENSE.txt  project/           unins000.dat   usr/
cmd/  git-bash.exe*  mingw32/     ReleaseNotes.html  unins000.exe*
dev/  git-cmd.exe*   proc/        tmp/               unins000.msg

haech@Paco MINGW32 /
$ cd ..

haech@Paco MINGW32 /
$ ls
bin/  etc/           LICENSE.txt  project/           unins000.dat   usr/
cmd/  git-bash.exe*  mingw32/     ReleaseNotes.html  unins000.exe*
dev/  git-cmd.exe*   proc/        tmp/               unins000.msg

haech@Paco MINGW32 /
$ cd project

haech@Paco MINGW32 /project
$ git init
Initialized empty Git repository in C:/Program Files (x86)/Git/project/.git/

haech@Paco MINGW32 /project (master)
$ git add .

haech@Paco MINGW32 /project (master)
$ git commit -m "hi.txt is added"

*** Please tell me who you are.

Run

  git config --global user.email "you@example.com"
  git config --global user.name "Your Name"

to set your account's default identity.
Omit --global to set the identity only in this repository.

fatal: unable to auto-detect email address (got 'haech@Paco.(none)')

haech@Paco MINGW32 /project (master)
$ git config --global user.email "haechank@gmail.com"

haech@Paco MINGW32 /project (master)
$ ^C

haech@Paco MINGW32 /project (master)
$ git config --global user.name "Paco"

haech@Paco MINGW32 /project (master)
$ git commit -m "hi.txt is added"
[master (root-commit) 160aea3] hi.txt is added
 1 file changed, 1 insertion(+)
 create mode 100644 hi.txt

haech@Paco MINGW32 /project (master)
$ git push origin master
fatal: 'origin' does not appear to be a git repository
fatal: Could not read from remote repository.

Please make sure you have the correct access rights
and the repository exists.

haech@Paco MINGW32 /project (master)
$ git add .

haech@Paco MINGW32 /project (master)
$ git commit -m "hi.txt is changed"
[master ff3590c] hi.txt is changed
 1 file changed, 1 insertion(+)

haech@Paco MINGW32 /project (master)
$ git --help
usage: git [--version] [--help] [-C <path>] [-c name=value]
           [--exec-path[=<path>]] [--html-path] [--man-path] [--info-path]
           [-p | --paginate | --no-pager] [--no-replace-objects] [--bare]
           [--git-dir=<path>] [--work-tree=<path>] [--namespace=<name>]
           <command> [<args>]

These are common Git commands used in various situations:

start a working area (see also: git help tutorial)
   clone      Clone a repository into a new directory
   init       Create an empty Git repository or reinitialize an existing one

work on the current change (see also: git help everyday)
   add        Add file contents to the index
   mv         Move or rename a file, a directory, or a symlink
   reset      Reset current HEAD to the specified state
   rm         Remove files from the working tree and from the index

examine the history and state (see also: git help revisions)
   bisect     Use binary search to find the commit that introduced a bug
   grep       Print lines matching a pattern
   log        Show commit logs
   show       Show various types of objects
   status     Show the working tree status

grow, mark and tweak your common history
   branch     List, create, or delete branches
   checkout   Switch branches or restore working tree files
   commit     Record changes to the repository
   diff       Show changes between commits, commit and working tree, etc
   merge      Join two or more development histories together
   rebase     Reapply commits on top of another base tip
   tag        Create, list, delete or verify a tag object signed with GPG

collaborate (see also: git help workflows)
   fetch      Download objects and refs from another repository
   pull       Fetch from and integrate with another repository or a local branch
   push       Update remote refs along with associated objects

'git help -a' and 'git help -g' list available subcommands and some
concept guides. See 'git help <command>' or 'git help <concept>'
to read about a specific subcommand or concept.

haech@Paco MINGW32 /project (master)
$ git log --oneline
ff3590c (HEAD -> master) hi.txt is changed
160aea3 hi.txt is added

haech@Paco MINGW32 /project (master)
$ git diff ff3590c 160aea3
diff --git a/hi.txt b/hi.txt
index 8afcc01..45f0eb8 100644
--- a/hi.txt
+++ b/hi.txt
@@ -1,2 +1 @@
 dss;ld
-jkjaijfaosdf

haech@Paco MINGW32 /project (master)
$ cd

haech@Paco MINGW32 ~
$ cd ..

haech@Paco MINGW32 /c/Users
$ git remote add origin https://github.com/PacoKwon/project.git
fatal: Not a git repository (or any of the parent directories): .git

haech@Paco MINGW32 /c/Users
$ cd

haech@Paco MINGW32 ~
$ cd project
bash: cd: project: No such file or directory

haech@Paco MINGW32 ~
$ cd ..

haech@Paco MINGW32 /c/Users
$ cd

haech@Paco MINGW32 ~
$ cd project
bash: cd: project: No such file or directory

haech@Paco MINGW32 ~
$ cd..
bash: cd..: command not found

haech@Paco MINGW32 ~
$ cd ..

haech@Paco MINGW32 /c/Users
$ cd ..

haech@Paco MINGW32 /c
$ cd Users

haech@Paco MINGW32 /c/Users
$ ls
'All Users'@   Default/  'Default User'@   defaultuser0/   desktop.ini   haech/   Public/

haech@Paco MINGW32 /c/Users
$ cd ..

haech@Paco MINGW32 /c
$ ls
'$RECYCLE.BIN'/             hiberfil.sys    pagefile.sys            Recovery/         'System Volume Information'/
'$SysReset'/                Intel/          PerfLogs/               setup.log          Temp/
 bootmgr                    MinGW/         'Program Files'/         SSDXFlashLog.zip   Users/
'Documents and Settings'@   myhuman/       'Program Files (x86)'/   swapfile.sys       Windows/
 gpki/                      OneDriveTemp/   ProgramData/            SymCache/         '한컴오피스 2014'/

haech@Paco MINGW32 /c
$ cd 'Program Files (x86)'

haech@Paco MINGW32 /c/Program Files (x86)
$ cd git

haech@Paco MINGW32 /c/Program Files (x86)/git
$ ls
bin/  dev/  git-bash.exe*  LICENSE.txt  project/           tmp/          unins000.exe*  usr/
cmd/  etc/  git-cmd.exe*   mingw32/     ReleaseNotes.html  unins000.dat  unins000.msg

haech@Paco MINGW32 /c/Program Files (x86)/git
$ cd project

haech@Paco MINGW32 /c/Program Files (x86)/git/project (master)
$ cd ..

haech@Paco MINGW32 /c/Program Files (x86)/git
$ cd ../..

haech@Paco MINGW32 /c
$ cd ~

haech@Paco MINGW32 ~
$ cd project
bash: cd: project: No such file or directory

haech@Paco MINGW32 ~
$ lz
bash: lz: command not found

haech@Paco MINGW32 ~
$ ls
'3D Objects'/
'Adobe Flash Builder 4.6'/
 Anaconda3/
 AppData/
'Application Data'@
 Contacts/
 Cookies@
 Desktop/
 Documents/
 Downloads/
 eclipse/
 eclipse-workspace/
 Favorites/
 github/
 IdeaProjects/
 Intel/
 IntelGraphicsProfiles/
 KCase.log
 Links/
'Local Settings'@
 Music/
'My Documents'@
 NetHood@
 NTUSER.DAT
 ntuser.dat.LOG1
 ntuser.dat.LOG2
 NTUSER.DAT{e5dfac77-4a08-11e7-98dd-b70829354bfb}.TxR.0.regtrans-ms
 NTUSER.DAT{e5dfac77-4a08-11e7-98dd-b70829354bfb}.TxR.1.regtrans-ms
 NTUSER.DAT{e5dfac77-4a08-11e7-98dd-b70829354bfb}.TxR.2.regtrans-ms
 NTUSER.DAT{e5dfac77-4a08-11e7-98dd-b70829354bfb}.TxR.blf
 NTUSER.DAT{e5dfac78-4a08-11e7-98dd-b70829354bfb}.TM.blf
 NTUSER.DAT{e5dfac78-4a08-11e7-98dd-b70829354bfb}.TMContainer00000000000000000001.regtrans-ms
 NTUSER.DAT{e5dfac78-4a08-11e7-98dd-b70829354bfb}.TMContainer00000000000000000002.regtrans-ms
 ntuser.ini
 OneDrive/
 Pictures/
 PrintHood@
 PycharmProjects/
 Recent@
'Saved Games'/
 Searches/
 SendTo@
 Templates@
 Videos/
 workspace/
'시작 메뉴'@

haech@Paco MINGW32 ~
$ cd ..

haech@Paco MINGW32 /c/Users
$ cd c
bash: cd: c: No such file or directory

haech@Paco MINGW32 /c/Users
$ cd /c

haech@Paco MINGW32 /c
$ cd 'Program Files (x86)'

haech@Paco MINGW32 /c/Program Files (x86)
$ cd got
bash: cd: got: No such file or directory

haech@Paco MINGW32 /c/Program Files (x86)
$ cd git

haech@Paco MINGW32 /c/Program Files (x86)/git
$ cd project

haech@Paco MINGW32 /c/Program Files (x86)/git/project (master)
$ git remote add origin https://github.com/PacoKwon/project.git

haech@Paco MINGW32 /c/Program Files (x86)/git/project (master)
$ git push -u origin master
Counting objects: 6, done.
Delta compression using up to 4 threads.
Compressing objects: 100% (2/2), done.
Writing objects: 100% (6/6), 442 bytes | 221.00 KiB/s, done.
Total 6 (delta 0), reused 0 (delta 0)
To https://github.com/PacoKwon/project.git
 * [new branch]      master -> master
Branch master set up to track remote branch master from origin.

haech@Paco MINGW32 /c/Program Files (x86)/git/project (master)
$ git add .

haech@Paco MINGW32 /c/Program Files (x86)/git/project (master)
$ git commit -m "gittest.txt is added"
[master d3debd5] gittest.txt is added
 1 file changed, 1 insertion(+)
 create mode 100644 gittest.txt

haech@Paco MINGW32 /c/Program Files (x86)/git/project (master)
$ git push origin master
Counting objects: 3, done.
Delta compression using up to 4 threads.
Compressing objects: 100% (2/2), done.
Writing objects: 100% (3/3), 281 bytes | 281.00 KiB/s, done.
Total 3 (delta 0), reused 0 (delta 0)
To https://github.com/PacoKwon/project.git
   ff3590c..d3debd5  master -> master

haech@Paco MINGW32 /c/Program Files (x86)/git/project (master)
$
